// Jest Snapshot v1, https://goo.gl/fbAQLP

exports[`doesnot change unexpectedly 1`] = `
<div
  className="btn-panel"
>
  <div
    className="btn-group"
  >
    <button
      className="grey-btn default-btn"
      onClick={[Function]}
      type="button"
    >
      AC
    </button>
    <button
      className="grey-btn default-btn"
      onClick={[Function]}
      type="button"
    >
      +/-
    </button>
    <button
      className="grey-btn default-btn"
      onClick={[Function]}
      type="button"
    >
      %
    </button>
    <button
      className="default-btn-color default-btn"
      onClick={[Function]}
      type="button"
    >
      รท
    </button>
  </div>
  <div
    className="btn-group"
  >
    <button
      className="grey-btn default-btn"
      onClick={[Function]}
      type="button"
    >
      7
    </button>
    <button
      className="grey-btn default-btn"
      onClick={[Function]}
      type="button"
    >
      8
    </button>
    <button
      className="grey-btn default-btn"
      onClick={[Function]}
      type="button"
    >
      9
    </button>
    <button
      className="default-btn-color default-btn"
      onClick={[Function]}
      type="button"
    >
      x
    </button>
  </div>
  <div
    className="btn-group"
  >
    <button
      className="grey-btn default-btn"
      onClick={[Function]}
      type="button"
    >
      4
    </button>
    <button
      className="grey-btn default-btn"
      onClick={[Function]}
      type="button"
    >
      5
    </button>
    <button
      className="grey-btn default-btn"
      onClick={[Function]}
      type="button"
    >
      6
    </button>
    <button
      className="default-btn-color default-btn"
      onClick={[Function]}
      type="button"
    >
      -
    </button>
  </div>
  <div
    className="btn-group"
  >
    <button
      className="grey-btn default-btn"
      onClick={[Function]}
      type="button"
    >
      1
    </button>
    <button
      className="grey-btn default-btn"
      onClick={[Function]}
      type="button"
    >
      2
    </button>
    <button
      className="grey-btn default-btn"
      onClick={[Function]}
      type="button"
    >
      3
    </button>
    <button
      className="default-btn-color default-btn"
      onClick={[Function]}
      type="button"
    >
      +
    </button>
  </div>
  <div
    className="btn-group"
  >
    <button
      className="grey-btn double-btn"
      onClick={[Function]}
      type="button"
    >
      0
    </button>
    <button
      className="grey-btn default-btn"
      onClick={[Function]}
      type="button"
    >
      .
    </button>
    <button
      className="default-btn-color default-btn"
      onClick={[Function]}
      type="button"
    >
      =
    </button>
  </div>
</div>
`;
